Concise by Elliot Chance.

  0 / 308 (  0%)
  4 / 308 (  1%)
  7 / 308 (  2%)
 10 / 308 (  3%)
 13 / 308 (  4%)
 16 / 308 (  5%)
 19 / 308 (  6%)
 22 / 308 (  7%)
 25 / 308 (  8%)
 28 / 308 (  9%)
 31 / 308 ( 10%)
 34 / 308 ( 11%)
 37 / 308 ( 12%)
 41 / 308 ( 13%)
 44 / 308 ( 14%)
 47 / 308 ( 15%)
 50 / 308 ( 16%)
 53 / 308 ( 17%)
 56 / 308 ( 18%)
 59 / 308 ( 19%)
 62 / 308 ( 20%)
 65 / 308 ( 21%)
 68 / 308 ( 22%)
 71 / 308 ( 23%)
 74 / 308 ( 24%)
 77 / 308 ( 25%)
 81 / 308 ( 26%)
 84 / 308 ( 27%)
 87 / 308 ( 28%)
 90 / 308 ( 29%)
 93 / 308 ( 30%)
 96 / 308 ( 31%)
 99 / 308 ( 32%)
102 / 308 ( 33%)
105 / 308 ( 34%)
108 / 308 ( 35%)
111 / 308 ( 36%)
114 / 308 ( 37%)
118 / 308 ( 38%)
121 / 308 ( 39%)
124 / 308 ( 40%)
127 / 308 ( 41%)
130 / 308 ( 42%)
133 / 308 ( 43%)
136 / 308 ( 44%)
139 / 308 ( 45%)
142 / 308 ( 46%)
145 / 308 ( 47%)
148 / 308 ( 48%)
151 / 308 ( 49%)
154 / 308 ( 50%)
158 / 308 ( 51%)
161 / 308 ( 52%)
164 / 308 ( 53%)
167 / 308 ( 54%)
170 / 308 ( 55%)
173 / 308 ( 56%)
176 / 308 ( 57%)
179 / 308 ( 58%)
182 / 308 ( 59%)
185 / 308 ( 60%)
188 / 308 ( 61%)
191 / 308 ( 62%)
195 / 308 ( 63%)
198 / 308 ( 64%)
201 / 308 ( 65%)
204 / 308 ( 66%)
207 / 308 ( 67%)
210 / 308 ( 68%)
213 / 308 ( 69%)
216 / 308 ( 70%)
219 / 308 ( 71%)
222 / 308 ( 72%)
225 / 308 ( 73%)
228 / 308 ( 74%)
231 / 308 ( 75%)
235 / 308 ( 76%)
238 / 308 ( 77%)
241 / 308 ( 78%)
244 / 308 ( 79%)
247 / 308 ( 80%)
250 / 308 ( 81%)
253 / 308 ( 82%)
256 / 308 ( 83%)
259 / 308 ( 84%)
262 / 308 ( 85%)
265 / 308 ( 86%)
268 / 308 ( 87%)
272 / 308 ( 88%)
275 / 308 ( 89%)
278 / 308 ( 90%)
281 / 308 ( 91%)
284 / 308 ( 92%)
287 / 308 ( 93%)
290 / 308 ( 94%)
293 / 308 ( 95%)
296 / 308 ( 96%)
299 / 308 ( 97%)
302 / 308 ( 98%)
305 / 308 ( 99%)
308 / 308 (100%)
