

  0 / 110 (  0%)
  2 / 110 (  1%)
  3 / 110 (  2%)
  4 / 110 (  3%)
  5 / 110 (  4%)
  6 / 110 (  5%)
  7 / 110 (  6%)
  8 / 110 (  7%)
  9 / 110 (  8%)
 10 / 110 (  9%)
 11 / 110 ( 10%)
 13 / 110 ( 11%)
 14 / 110 ( 12%)
 15 / 110 ( 13%)
 16 / 110 ( 14%)
 17 / 110 ( 15%)
 18 / 110 ( 16%)
 19 / 110 ( 17%)
 20 / 110 ( 18%)
 21 / 110 ( 19%)
 22 / 110 ( 20%)
 24 / 110 ( 21%)
 25 / 110 ( 22%)
 26 / 110 ( 23%)
 27 / 110 ( 24%)
 28 / 110 ( 25%)
 29 / 110 ( 26%)
 30 / 110 ( 27%)
 31 / 110 ( 28%)
 32 / 110 ( 29%)
 33 / 110 ( 30%)
 35 / 110 ( 31%)
 36 / 110 ( 32%)
 37 / 110 ( 33%)
 38 / 110 ( 34%)
 39 / 110 ( 35%)
 40 / 110 ( 36%)
 41 / 110 ( 37%)
 42 / 110 ( 38%)
 43 / 110 ( 39%)
 44 / 110 ( 40%)
 46 / 110 ( 41%)
 47 / 110 ( 42%)
 48 / 110 ( 43%)
 49 / 110 ( 44%)
 50 / 110 ( 45%)
 51 / 110 ( 46%)
 52 / 110 ( 47%)
 53 / 110 ( 48%)
 54 / 110 ( 49%)
 55 / 110 ( 50%)
 57 / 110 ( 51%)
 58 / 110 ( 52%)
 59 / 110 ( 53%)
 60 / 110 ( 54%)
 61 / 110 ( 55%)
 62 / 110 ( 56%)
 63 / 110 ( 57%)
 64 / 110 ( 58%)
 65 / 110 ( 59%)
 66 / 110 ( 60%)
 68 / 110 ( 61%)
 69 / 110 ( 62%)
 70 / 110 ( 63%)
 71 / 110 ( 64%)
 72 / 110 ( 65%)
 73 / 110 ( 66%)
 74 / 110 ( 67%)
 75 / 110 ( 68%)
 76 / 110 ( 69%)
 77 / 110 ( 70%)
 79 / 110 ( 71%)
 80 / 110 ( 72%)
 81 / 110 ( 73%)
 82 / 110 ( 74%)
 83 / 110 ( 75%)
 84 / 110 ( 76%)
 85 / 110 ( 77%)
 86 / 110 ( 78%)
 87 / 110 ( 79%)
 88 / 110 ( 80%)
 90 / 110 ( 81%)
 91 / 110 ( 82%)
 92 / 110 ( 83%)
 93 / 110 ( 84%)
 94 / 110 ( 85%)
 95 / 110 ( 86%)
 96 / 110 ( 87%)
 97 / 110 ( 88%)
 98 / 110 ( 89%)
 99 / 110 ( 90%)
101 / 110 ( 91%)
102 / 110 ( 92%)
103 / 110 ( 93%)
104 / 110 ( 94%)
105 / 110 ( 95%)
106 / 110 ( 96%)
107 / 110 ( 97%)
108 / 110 ( 98%)
109 / 110 ( 99%)
110 / 110 (100%)
